// Jest Snapshot v1, https://goo.gl/fbAQLP

exports[`processor arguments passed to notifier should match snapshot for league of legends: videos and commentaries match 1`] = `
Array [
  Object {
    "groups": Array [
      Object {
        "content": Array [
          Object {
            "releaseDate": 2022-03-20T05:00:00.000Z,
            "thumbnail": "https://ik.imagekit.io/skillcapped/thumbnails/17yxzq5gc3/thumbnails/thumbnail_2.jpg",
            "title": "3 BEST CHAMPIONS To ONE TRICK For EVERY Role In Season 12!",
            "url": "https://www.skill-capped.com/lol/browse2/lpx39wchf2/17yxzq5gc3",
            "uuid": "17yxzq5gc3",
          },
          Object {
            "releaseDate": 2022-03-20T05:00:00.000Z,
            "thumbnail": "https://ik.imagekit.io/skillcapped/thumbnails/vxdkk2hj44/thumbnails/thumbnail_8.jpg",
            "title": "How to Play From BEHIND Against OP Champions",
            "url": "https://www.skill-capped.com/lol/browse2/xdql6657bs/vxdkk2hj44",
            "uuid": "vxdkk2hj44",
          },
          Object {
            "releaseDate": 2022-03-20T05:00:00.000Z,
            "thumbnail": "https://ik.imagekit.io/skillcapped/thumbnails/g32hv50ry9/thumbnails/thumbnail_2.jpg",
            "title": "ULTIMATE GUIDE to LANING with ANY Support! ",
            "url": "https://www.skill-capped.com/lol/browse2/r1hp894h2q/g32hv50ry9",
            "uuid": "g32hv50ry9",
          },
          Object {
            "releaseDate": 2022-03-20T05:00:00.000Z,
            "thumbnail": "https://ik.imagekit.io/skillcapped/thumbnails/7f9kt0zwm8/thumbnails/thumbnail_8.jpg",
            "title": "The 'STOP SIGN' Strategy that ELIMINATES Autopiloting in League of Legends",
            "url": "https://www.skill-capped.com/lol/browse2/6ykyph4bt3/7f9kt0zwm8",
            "uuid": "7f9kt0zwm8",
          },
          Object {
            "releaseDate": 2022-03-20T05:00:00.000Z,
            "thumbnail": "https://ik.imagekit.io/skillcapped/thumbnails/7spk26xmgg/thumbnails/thumbnail_40.jpg",
            "title": "The 1 Rule of Trading as Support",
            "url": "https://www.skill-capped.com/lol/browse2/k4337qf0k3/7spk26xmgg",
            "uuid": "7spk26xmgg",
          },
          Object {
            "releaseDate": 2022-03-20T05:00:00.000Z,
            "thumbnail": "https://ik.imagekit.io/skillcapped/thumbnails/b6xyfb2zq8/thumbnails/thumbnail_1.jpg",
            "title": "Jungle Decision Trainer - Can YOU Think like a Smurf?",
            "url": "https://www.skill-capped.com/lol/browse2/trykxbxw9m/b6xyfb2zq8",
            "uuid": "b6xyfb2zq8",
          },
          Object {
            "releaseDate": 2022-03-15T05:00:00.000Z,
            "thumbnail": "https://ik.imagekit.io/skillcapped/thumbnails/qmlwk344wg/thumbnails/thumbnail_30.jpg",
            "title": "3 BEST SOLO CARRY Champions for EVERY ROLE in PATCH 12.5b",
            "url": "https://www.skill-capped.com/lol/browse2/lpx39wchf2/qmlwk344wg",
            "uuid": "qmlwk344wg",
          },
          Object {
            "releaseDate": 2022-03-14T05:00:00.000Z,
            "thumbnail": "https://ik.imagekit.io/skillcapped/thumbnails/spbysg1vvg/thumbnails/thumbnail_16.jpg",
            "title": "NEW TIER LIST for PATCH 12.5b",
            "url": "https://www.skill-capped.com/lol/browse2/bqv7v3vvhv/spbysg1vvg",
            "uuid": "spbysg1vvg",
          },
          Object {
            "releaseDate": 2022-03-11T06:00:00.000Z,
            "thumbnail": "https://ik.imagekit.io/skillcapped/thumbnails/pkv2g5wrk3/thumbnails/thumbnail_6.jpg",
            "title": "Why \\"First Move\\" is the Key to Climbing as Support",
            "url": "https://www.skill-capped.com/lol/browse2/tvkqtzlrmb/pkv2g5wrk3",
            "uuid": "pkv2g5wrk3",
          },
          Object {
            "releaseDate": 2022-03-11T06:00:00.000Z,
            "thumbnail": "https://ik.imagekit.io/skillcapped/thumbnails/2ffbj0sv3v/thumbnails/thumbnail_29.jpg",
            "title": "How to Play Around Bad Teammates as a Jungler",
            "url": "https://www.skill-capped.com/lol/browse2/trykxbxw9m/2ffbj0sv3v",
            "uuid": "2ffbj0sv3v",
          },
          Object {
            "releaseDate": 2022-03-11T06:00:00.000Z,
            "thumbnail": "https://ik.imagekit.io/skillcapped/thumbnails/w1bmw18jg0/thumbnails/thumbnail_29.jpg",
            "title": "GOOD vs BAD when Laning vs Yasuo",
            "url": "https://www.skill-capped.com/lol/browse2/bwp11y3yx7/w1bmw18jg0",
            "uuid": "w1bmw18jg0",
          },
          Object {
            "releaseDate": 2022-03-11T06:00:00.000Z,
            "thumbnail": "https://ik.imagekit.io/skillcapped/thumbnails/q8271rtbn8/thumbnails/thumbnail_6.jpg",
            "title": "How to Beat Top Lane's MOST Annoying Champions",
            "url": "https://www.skill-capped.com/lol/browse2/w636b3h23k/q8271rtbn8",
            "uuid": "q8271rtbn8",
          },
          Object {
            "releaseDate": 2022-03-11T06:00:00.000Z,
            "thumbnail": "https://ik.imagekit.io/skillcapped/thumbnails/0qmq1g235x/thumbnails/thumbnail_27.jpg",
            "title": "How to Play Like as Miss Fortune MAIN! ",
            "url": "https://www.skill-capped.com/lol/browse2/qdbv5ys72t/0qmq1g235x",
            "uuid": "0qmq1g235x",
          },
          Object {
            "releaseDate": 2022-03-08T06:00:00.000Z,
            "thumbnail": "https://ik.imagekit.io/skillcapped/thumbnails/f0hfl5nhqf/thumbnails/thumbnail_13.jpg",
            "title": "How to Adapt for Even More FREE KILLS!",
            "url": "https://www.skill-capped.com/lol/browse2/bnwkcy0z97/f0hfl5nhqf",
            "uuid": "f0hfl5nhqf",
          },
          Object {
            "releaseDate": 2022-03-08T06:00:00.000Z,
            "thumbnail": "https://ik.imagekit.io/skillcapped/thumbnails/5hn4yc38fy/thumbnails/thumbnail_25.jpg",
            "title": "This is Why You Miss Out on FREE KILLS!",
            "url": "https://www.skill-capped.com/lol/browse2/bnwkcy0z97/5hn4yc38fy",
            "uuid": "5hn4yc38fy",
          },
          Object {
            "releaseDate": 2022-03-08T06:00:00.000Z,
            "thumbnail": "https://ik.imagekit.io/skillcapped/thumbnails/qxmgp73gqp/thumbnails/thumbnail_33.jpg",
            "title": "Create Leads and Snowball to 20 Minute Wins",
            "url": "https://www.skill-capped.com/lol/browse2/bnwkcy0z97/qxmgp73gqp",
            "uuid": "qxmgp73gqp",
          },
          Object {
            "releaseDate": 2022-03-08T06:00:00.000Z,
            "thumbnail": "https://ik.imagekit.io/skillcapped/thumbnails/kl0jjh6qk2/thumbnails/thumbnail_14.jpg",
            "title": "How to Get a 15 Minute Surrender and Go 14/3/5",
            "url": "https://www.skill-capped.com/lol/browse2/bnwkcy0z97/kl0jjh6qk2",
            "uuid": "kl0jjh6qk2",
          },
          Object {
            "releaseDate": 2022-03-08T06:00:00.000Z,
            "thumbnail": "https://ik.imagekit.io/skillcapped/thumbnails/f6jdfcqnsp/thumbnails/thumbnail_42.jpg",
            "title": "This is How You Carry Bad/Mediocre Teammates",
            "url": "https://www.skill-capped.com/lol/browse2/bnwkcy0z97/f6jdfcqnsp",
            "uuid": "f6jdfcqnsp",
          },
          Object {
            "releaseDate": 2022-03-07T06:00:00.000Z,
            "thumbnail": "https://ik.imagekit.io/skillcapped/thumbnails/m56vc0yqm1/thumbnails/thumbnail_5.jpg",
            "title": "NEW UPDATED TIER LIST for PATCH 12.5: Master Yi STILL OP?!",
            "url": "https://www.skill-capped.com/lol/browse2/bqv7v3vvhv/m56vc0yqm1",
            "uuid": "m56vc0yqm1",
          },
          Object {
            "releaseDate": 2022-03-02T06:00:00.000Z,
            "thumbnail": "https://ik.imagekit.io/skillcapped/thumbnails/t42817jjvs/thumbnails/thumbnail_7.jpg",
            "title": "3 BEST SOLO CARRY Champions for EVERY ROLE in PATCH 12.5",
            "url": "https://www.skill-capped.com/lol/browse2/lpx39wchf2/t42817jjvs",
            "uuid": "t42817jjvs",
          },
          Object {
            "releaseDate": 2022-03-02T06:00:00.000Z,
            "thumbnail": "https://ik.imagekit.io/skillcapped/thumbnails/4d40ycrw0y/thumbnails/thumbnail_1.jpg",
            "title": "The Reason Why You're Winning Until You Lose",
            "url": "https://www.skill-capped.com/lol/browse2/9qpx9nx2l6/4d40ycrw0y",
            "uuid": "4d40ycrw0y",
          },
          Object {
            "releaseDate": 2022-03-02T06:00:00.000Z,
            "thumbnail": "https://ik.imagekit.io/skillcapped/thumbnails/yhblkcgjn7/thumbnails/thumbnail_29.jpg",
            "title": "Why ANYONE Can EASILY Be Diamond Elo",
            "url": "https://www.skill-capped.com/lol/browse2/fqr6yn241z/yhblkcgjn7",
            "uuid": "yhblkcgjn7",
          },
          Object {
            "releaseDate": 2022-03-02T06:00:00.000Z,
            "thumbnail": "https://ik.imagekit.io/skillcapped/thumbnails/wpq06kzvm2/thumbnails/thumbnail_35.jpg",
            "title": "The Difference Between GOOD and BAD Roaming in Season 12",
            "url": "https://www.skill-capped.com/lol/browse2/tvkqtzlrmb/wpq06kzvm2",
            "uuid": "wpq06kzvm2",
          },
          Object {
            "releaseDate": 2022-03-02T06:00:00.000Z,
            "thumbnail": "https://ik.imagekit.io/skillcapped/thumbnails/fngvbh7rv3/thumbnails/thumbnail_1.jpg",
            "title": "The Secret to Jungling in Low Elo",
            "url": "https://www.skill-capped.com/lol/browse2/7t03cc2mdk/fngvbh7rv3",
            "uuid": "fngvbh7rv3",
          },
          Object {
            "releaseDate": 2022-03-02T06:00:00.000Z,
            "thumbnail": "https://ik.imagekit.io/skillcapped/thumbnails/5xx7r6m0lx/thumbnails/thumbnail_4.jpg",
            "title": "Why THESE Champs AREN'T Scary!",
            "url": "https://www.skill-capped.com/lol/browse2/6ykyph4bt3/5xx7r6m0lx",
            "uuid": "5xx7r6m0lx",
          },
          Object {
            "releaseDate": 2022-02-27T06:00:00.000Z,
            "thumbnail": "https://ik.imagekit.io/skillcapped/thumbnails/yvrjr0lprs/thumbnails/thumbnail_13.jpg",
            "title": "NEW TIER LIST for PATCH 12.5: THE FALL OF TOP LANE?",
            "url": "https://www.skill-capped.com/lol/browse2/bqv7v3vvhv/yvrjr0lprs",
            "uuid": "yvrjr0lprs",
          },
          Object {
            "releaseDate": 2022-02-18T06:00:00.000Z,
            "thumbnail": "https://ik.imagekit.io/skillcapped/thumbnails/znhhjj0frh/thumbnails/thumbnail_1.jpg",
            "title": "The Difference Between GOOD and BAD Top Laners",
            "url": "https://www.skill-capped.com/lol/browse2/1ws8vycy60/znhhjj0frh",
            "uuid": "znhhjj0frh",
          },
        ],
        "identifier": "lump",
      },
    ],
  },
]
`;

exports[`processor arguments passed to notifier should match snapshot for valorant: videos and commentaries match 1`] = `
Array [
  Object {
    "groups": Array [
      Object {
        "content": Array [
          Object {
            "releaseDate": 2022-02-25T04:11:58.198Z,
            "thumbnail": "https://ik.imagekit.io/skillcapped/thumbnails/w5vbvt2nn2/thumbnails/thumbnail_9.jpg",
            "title": "What is a Post Plant? - Post Plant Course",
            "url": "https://www.skill-capped.com/valorant/course/master-post-plants/zljy2zwhr7/what-is-a-post-plant?---post-plant-course/w5vbvt2nn2",
            "uuid": "w5vbvt2nn2",
          },
          Object {
            "releaseDate": 2022-02-25T04:11:58.198Z,
            "thumbnail": "https://ik.imagekit.io/skillcapped/thumbnails/qpw4ttnl4s/thumbnails/thumbnail_9.jpg",
            "title": "What is a Win Condition? - Post Plant Course",
            "url": "https://www.skill-capped.com/valorant/course/master-post-plants/zljy2zwhr7/what-is-a-win-condition?---post-plant-course/qpw4ttnl4s",
            "uuid": "qpw4ttnl4s",
          },
          Object {
            "releaseDate": 2022-02-25T04:11:58.198Z,
            "thumbnail": "https://ik.imagekit.io/skillcapped/thumbnails/2lywrr2qjd/thumbnails/thumbnail_9.jpg",
            "title": "Post Plant as an Attacker - Post Plant Course",
            "url": "https://www.skill-capped.com/valorant/course/master-post-plants/zljy2zwhr7/post-plant-as-an-attacker---post-plant-course/2lywrr2qjd",
            "uuid": "2lywrr2qjd",
          },
          Object {
            "releaseDate": 2022-02-25T04:11:58.198Z,
            "thumbnail": "https://ik.imagekit.io/skillcapped/thumbnails/3b5kfj64sv/thumbnails/thumbnail_9.jpg",
            "title": "Post Plant as a Defender - Post Plant Course",
            "url": "https://www.skill-capped.com/valorant/course/master-post-plants/zljy2zwhr7/post-plant-as-a-defender---post-plant-course/3b5kfj64sv",
            "uuid": "3b5kfj64sv",
          },
          Object {
            "releaseDate": 2022-02-25T04:11:58.198Z,
            "thumbnail": "https://ik.imagekit.io/skillcapped/thumbnails/s5rk6nkgnt/thumbnails/thumbnail_9.jpg",
            "title": "Bind - B Defense - Post Plant Course",
            "url": "https://www.skill-capped.com/valorant/course/master-post-plants/zljy2zwhr7/bind---b-defense---post-plant-course/s5rk6nkgnt",
            "uuid": "s5rk6nkgnt",
          },
          Object {
            "releaseDate": 2022-02-25T04:11:58.198Z,
            "thumbnail": "https://ik.imagekit.io/skillcapped/thumbnails/2rhvb20hmc/thumbnails/thumbnail_9.jpg",
            "title": "Bind - B Attack - Post Plant Course",
            "url": "https://www.skill-capped.com/valorant/course/master-post-plants/zljy2zwhr7/bind---b-attack---post-plant-course/2rhvb20hmc",
            "uuid": "2rhvb20hmc",
          },
          Object {
            "releaseDate": 2022-02-25T04:11:58.198Z,
            "thumbnail": "https://ik.imagekit.io/skillcapped/thumbnails/7tbswf2fyc/thumbnails/thumbnail_9.jpg",
            "title": "Bind - A Defense - Post Plant Course",
            "url": "https://www.skill-capped.com/valorant/course/master-post-plants/zljy2zwhr7/bind---a-defense---post-plant-course/7tbswf2fyc",
            "uuid": "7tbswf2fyc",
          },
          Object {
            "releaseDate": 2022-02-25T04:11:58.198Z,
            "thumbnail": "https://ik.imagekit.io/skillcapped/thumbnails/9v23qyg7jy/thumbnails/thumbnail_9.jpg",
            "title": "Bind - A Attack - Post Plant Course",
            "url": "https://www.skill-capped.com/valorant/course/master-post-plants/zljy2zwhr7/bind---a-attack---post-plant-course/9v23qyg7jy",
            "uuid": "9v23qyg7jy",
          },
          Object {
            "releaseDate": 2022-02-25T04:11:58.198Z,
            "thumbnail": "https://ik.imagekit.io/skillcapped/thumbnails/67chpshg4x/thumbnails/thumbnail_9.jpg",
            "title": "Breeze - B Defense - Post Plant Course",
            "url": "https://www.skill-capped.com/valorant/course/master-post-plants/zljy2zwhr7/breeze---b-defense---post-plant-course/67chpshg4x",
            "uuid": "67chpshg4x",
          },
          Object {
            "releaseDate": 2022-02-25T04:11:58.198Z,
            "thumbnail": "https://ik.imagekit.io/skillcapped/thumbnails/dvbpr6fk8j/thumbnails/thumbnail_9.jpg",
            "title": "Breeze - B Attack - Post Plant Course",
            "url": "https://www.skill-capped.com/valorant/course/master-post-plants/zljy2zwhr7/breeze---b-attack---post-plant-course/dvbpr6fk8j",
            "uuid": "dvbpr6fk8j",
          },
          Object {
            "releaseDate": 2022-02-25T04:11:58.198Z,
            "thumbnail": "https://ik.imagekit.io/skillcapped/thumbnails/hlc28cpp60/thumbnails/thumbnail_9.jpg",
            "title": "Breeze - A Defense - Post Plant Course",
            "url": "https://www.skill-capped.com/valorant/course/master-post-plants/zljy2zwhr7/breeze---a-defense---post-plant-course/hlc28cpp60",
            "uuid": "hlc28cpp60",
          },
          Object {
            "releaseDate": 2022-02-25T04:11:58.198Z,
            "thumbnail": "https://ik.imagekit.io/skillcapped/thumbnails/x55jmr1dxs/thumbnails/thumbnail_9.jpg",
            "title": "Breeze - A Attack - Post Plant Course",
            "url": "https://www.skill-capped.com/valorant/course/master-post-plants/zljy2zwhr7/breeze---a-attack---post-plant-course/x55jmr1dxs",
            "uuid": "x55jmr1dxs",
          },
          Object {
            "releaseDate": 2022-02-25T04:11:58.198Z,
            "thumbnail": "https://ik.imagekit.io/skillcapped/thumbnails/l9456qntpy/thumbnails/thumbnail_9.jpg",
            "title": "Ascent - A Defense - Post Plant Course",
            "url": "https://www.skill-capped.com/valorant/course/master-post-plants/zljy2zwhr7/ascent---a-defense---post-plant-course/l9456qntpy",
            "uuid": "l9456qntpy",
          },
          Object {
            "releaseDate": 2022-02-25T04:11:58.198Z,
            "thumbnail": "https://ik.imagekit.io/skillcapped/thumbnails/4zwmh4wrkv/thumbnails/thumbnail_9.jpg",
            "title": "Acent - A Attack - Post Plant Course",
            "url": "https://www.skill-capped.com/valorant/course/master-post-plants/zljy2zwhr7/acent---a-attack---post-plant-course/4zwmh4wrkv",
            "uuid": "4zwmh4wrkv",
          },
          Object {
            "releaseDate": 2022-02-25T04:11:58.198Z,
            "thumbnail": "https://ik.imagekit.io/skillcapped/thumbnails/znr81wnndp/thumbnails/thumbnail_9.jpg",
            "title": "Ascent - B Attack - Post Plant Course",
            "url": "https://www.skill-capped.com/valorant/course/master-post-plants/zljy2zwhr7/ascent---b-attack---post-plant-course/znr81wnndp",
            "uuid": "znr81wnndp",
          },
          Object {
            "releaseDate": 2022-02-25T04:11:58.198Z,
            "thumbnail": "https://ik.imagekit.io/skillcapped/thumbnails/8crlv0mhrj/thumbnails/thumbnail_9.jpg",
            "title": "Ascent - B Defense - Post Plant Course",
            "url": "https://www.skill-capped.com/valorant/course/master-post-plants/zljy2zwhr7/ascent---b-defense---post-plant-course/8crlv0mhrj",
            "uuid": "8crlv0mhrj",
          },
          Object {
            "releaseDate": 2022-02-25T04:11:58.198Z,
            "thumbnail": "https://ik.imagekit.io/skillcapped/thumbnails/xgt2x4kddc/thumbnails/thumbnail_9.jpg",
            "title": "Haven - A Attack - Post Plant Course",
            "url": "https://www.skill-capped.com/valorant/course/master-post-plants/zljy2zwhr7/haven---a-attack---post-plant-course/xgt2x4kddc",
            "uuid": "xgt2x4kddc",
          },
          Object {
            "releaseDate": 2022-02-25T04:11:58.198Z,
            "thumbnail": "https://ik.imagekit.io/skillcapped/thumbnails/662nlvmdqh/thumbnails/thumbnail_9.jpg",
            "title": "Haven - A Defense - Post Plant Course",
            "url": "https://www.skill-capped.com/valorant/course/master-post-plants/zljy2zwhr7/haven---a-defense---post-plant-course/662nlvmdqh",
            "uuid": "662nlvmdqh",
          },
          Object {
            "releaseDate": 2022-02-25T04:11:58.198Z,
            "thumbnail": "https://ik.imagekit.io/skillcapped/thumbnails/gb23j7641f/thumbnails/thumbnail_9.jpg",
            "title": "Haven - B Defense - Post Plant Course",
            "url": "https://www.skill-capped.com/valorant/course/master-post-plants/zljy2zwhr7/haven---b-defense---post-plant-course/gb23j7641f",
            "uuid": "gb23j7641f",
          },
          Object {
            "releaseDate": 2022-02-25T04:11:58.198Z,
            "thumbnail": "https://ik.imagekit.io/skillcapped/thumbnails/s1p6jkhqt9/thumbnails/thumbnail_9.jpg",
            "title": "Haven - B Attack - Post Plant Course",
            "url": "https://www.skill-capped.com/valorant/course/master-post-plants/zljy2zwhr7/haven---b-attack---post-plant-course/s1p6jkhqt9",
            "uuid": "s1p6jkhqt9",
          },
          Object {
            "releaseDate": 2022-02-25T04:11:58.198Z,
            "thumbnail": "https://ik.imagekit.io/skillcapped/thumbnails/pz9f8n2cd4/thumbnails/thumbnail_9.jpg",
            "title": "Haven - C Attack - Post Plant Course",
            "url": "https://www.skill-capped.com/valorant/course/master-post-plants/zljy2zwhr7/haven---c-attack---post-plant-course/pz9f8n2cd4",
            "uuid": "pz9f8n2cd4",
          },
          Object {
            "releaseDate": 2022-02-25T04:11:58.198Z,
            "thumbnail": "https://ik.imagekit.io/skillcapped/thumbnails/00p2ldg2k6/thumbnails/thumbnail_9.jpg",
            "title": "Haven - C Defense - Post Plant Course",
            "url": "https://www.skill-capped.com/valorant/course/master-post-plants/zljy2zwhr7/haven---c-defense---post-plant-course/00p2ldg2k6",
            "uuid": "00p2ldg2k6",
          },
          Object {
            "releaseDate": 2022-02-25T04:11:58.198Z,
            "thumbnail": "https://ik.imagekit.io/skillcapped/thumbnails/mz8m37kp5k/thumbnails/thumbnail_9.jpg",
            "title": "Icebox - A Defense - Post Plant Course",
            "url": "https://www.skill-capped.com/valorant/course/master-post-plants/zljy2zwhr7/icebox---a-defense---post-plant-course/mz8m37kp5k",
            "uuid": "mz8m37kp5k",
          },
          Object {
            "releaseDate": 2022-02-25T04:11:58.198Z,
            "thumbnail": "https://ik.imagekit.io/skillcapped/thumbnails/2ggjb1jphm/thumbnails/thumbnail_9.jpg",
            "title": "Icebox - A Attack - Post Plant Course",
            "url": "https://www.skill-capped.com/valorant/course/master-post-plants/zljy2zwhr7/icebox---a-attack---post-plant-course/2ggjb1jphm",
            "uuid": "2ggjb1jphm",
          },
          Object {
            "releaseDate": 2022-02-25T04:11:58.198Z,
            "thumbnail": "https://ik.imagekit.io/skillcapped/thumbnails/prp1l1qtms/thumbnails/thumbnail_9.jpg",
            "title": "Icebox - B Attack - Post Plant Course",
            "url": "https://www.skill-capped.com/valorant/course/master-post-plants/zljy2zwhr7/icebox---b-attack---post-plant-course/prp1l1qtms",
            "uuid": "prp1l1qtms",
          },
          Object {
            "releaseDate": 2022-02-25T04:11:58.198Z,
            "thumbnail": "https://ik.imagekit.io/skillcapped/thumbnails/wkl8vzxg8j/thumbnails/thumbnail_9.jpg",
            "title": "Icebox - B Defense - Post Plant Course",
            "url": "https://www.skill-capped.com/valorant/course/master-post-plants/zljy2zwhr7/icebox---b-defense---post-plant-course/wkl8vzxg8j",
            "uuid": "wkl8vzxg8j",
          },
          Object {
            "releaseDate": 2022-02-25T04:11:58.198Z,
            "thumbnail": "https://ik.imagekit.io/skillcapped/thumbnails/dmmy8rt975/thumbnails/thumbnail_9.jpg",
            "title": "Fracture - A Attack - Post Plant Course",
            "url": "https://www.skill-capped.com/valorant/course/master-post-plants/zljy2zwhr7/fracture---a-attack---post-plant-course/dmmy8rt975",
            "uuid": "dmmy8rt975",
          },
          Object {
            "releaseDate": 2022-02-25T04:11:58.198Z,
            "thumbnail": "https://ik.imagekit.io/skillcapped/thumbnails/rsm9c69zb5/thumbnails/thumbnail_9.jpg",
            "title": "Fracture - A Defense - Post Plant Course",
            "url": "https://www.skill-capped.com/valorant/course/master-post-plants/zljy2zwhr7/fracture---a-defense---post-plant-course/rsm9c69zb5",
            "uuid": "rsm9c69zb5",
          },
          Object {
            "releaseDate": 2022-02-25T04:11:58.198Z,
            "thumbnail": "https://ik.imagekit.io/skillcapped/thumbnails/kczhm7409t/thumbnails/thumbnail_9.jpg",
            "title": "Fracture - B Attack - Post Plant Course",
            "url": "https://www.skill-capped.com/valorant/course/master-post-plants/zljy2zwhr7/fracture---b-attack---post-plant-course/kczhm7409t",
            "uuid": "kczhm7409t",
          },
          Object {
            "releaseDate": 2022-02-25T04:11:58.198Z,
            "thumbnail": "https://ik.imagekit.io/skillcapped/thumbnails/ld6w3z7457/thumbnails/thumbnail_9.jpg",
            "title": "Fracture - B Defense - Post Plant Course",
            "url": "https://www.skill-capped.com/valorant/course/master-post-plants/zljy2zwhr7/fracture---b-defense---post-plant-course/ld6w3z7457",
            "uuid": "ld6w3z7457",
          },
          Object {
            "releaseDate": 2022-03-11T00:10:52.419Z,
            "thumbnail": "https://ik.imagekit.io/skillcapped/thumbnails/lhzvw0678r/thumbnails/thumbnail_9.jpg",
            "title": "Split - A Attack - Post Plant Course",
            "url": "https://www.skill-capped.com/valorant/course/master-post-plants/zljy2zwhr7/split---a-attack---post-plant-course/lhzvw0678r",
            "uuid": "lhzvw0678r",
          },
          Object {
            "releaseDate": 2022-03-11T00:10:52.419Z,
            "thumbnail": "https://ik.imagekit.io/skillcapped/thumbnails/c1dqjs516m/thumbnails/thumbnail_9.jpg",
            "title": "Split - A Defense - Post Plant Course",
            "url": "https://www.skill-capped.com/valorant/course/master-post-plants/zljy2zwhr7/split---a-defense---post-plant-course/c1dqjs516m",
            "uuid": "c1dqjs516m",
          },
          Object {
            "releaseDate": 2022-03-11T00:10:52.419Z,
            "thumbnail": "https://ik.imagekit.io/skillcapped/thumbnails/x1z1gp6x2j/thumbnails/thumbnail_9.jpg",
            "title": "Split - B Attack - Post Plant Course",
            "url": "https://www.skill-capped.com/valorant/course/master-post-plants/zljy2zwhr7/split---b-attack---post-plant-course/x1z1gp6x2j",
            "uuid": "x1z1gp6x2j",
          },
          Object {
            "releaseDate": 2022-03-11T00:10:52.419Z,
            "thumbnail": "https://ik.imagekit.io/skillcapped/thumbnails/xm0xtxrqzs/thumbnails/thumbnail_9.jpg",
            "title": "Split - B Defense - Post Plant Course",
            "url": "https://www.skill-capped.com/valorant/course/master-post-plants/zljy2zwhr7/split---b-defense---post-plant-course/xm0xtxrqzs",
            "uuid": "xm0xtxrqzs",
          },
          Object {
            "releaseDate": 2022-03-11T00:10:52.419Z,
            "thumbnail": "https://ik.imagekit.io/skillcapped/thumbnails/xm55gdz529/thumbnails/thumbnail_9.jpg",
            "title": "Lurking Course Intro - Lurking Course",
            "url": "https://www.skill-capped.com/valorant/course/ultimate-lurking-course/q5xyhm7n3l/lurking-course-intro---lurking-course/xm55gdz529",
            "uuid": "xm55gdz529",
          },
          Object {
            "releaseDate": 2022-03-11T00:10:52.419Z,
            "thumbnail": "https://ik.imagekit.io/skillcapped/thumbnails/0tm55p1m78/thumbnails/thumbnail_9.jpg",
            "title": "What is Lurking? - Lurking Course",
            "url": "https://www.skill-capped.com/valorant/course/ultimate-lurking-course/q5xyhm7n3l/what-is-lurking?---lurking-course/0tm55p1m78",
            "uuid": "0tm55p1m78",
          },
          Object {
            "releaseDate": 2022-03-11T00:10:52.419Z,
            "thumbnail": "https://ik.imagekit.io/skillcapped/thumbnails/hp4cp5h9n3/thumbnails/thumbnail_9.jpg",
            "title": "When to Lurk - Lurking Course",
            "url": "https://www.skill-capped.com/valorant/course/ultimate-lurking-course/q5xyhm7n3l/when-to-lurk---lurking-course/hp4cp5h9n3",
            "uuid": "hp4cp5h9n3",
          },
          Object {
            "releaseDate": 2022-03-11T00:10:52.419Z,
            "thumbnail": "https://ik.imagekit.io/skillcapped/thumbnails/hdsgrhxclz/thumbnails/thumbnail_9.jpg",
            "title": "What to Consider When Lurking - Lurking Course",
            "url": "https://www.skill-capped.com/valorant/course/ultimate-lurking-course/q5xyhm7n3l/what-to-consider-when-lurking---lurking-course/hdsgrhxclz",
            "uuid": "hdsgrhxclz",
          },
          Object {
            "releaseDate": 2022-03-11T00:10:52.419Z,
            "thumbnail": "https://ik.imagekit.io/skillcapped/thumbnails/hdbwr6tjhn/thumbnails/thumbnail_9.jpg",
            "title": "Passive Lurking - Lurking Course",
            "url": "https://www.skill-capped.com/valorant/course/ultimate-lurking-course/q5xyhm7n3l/passive-lurking---lurking-course/hdbwr6tjhn",
            "uuid": "hdbwr6tjhn",
          },
          Object {
            "releaseDate": 2022-03-11T00:10:52.419Z,
            "thumbnail": "https://ik.imagekit.io/skillcapped/thumbnails/ywmqtydhym/thumbnails/thumbnail_9.jpg",
            "title": "Aggressive Lurking - Lurking Course",
            "url": "https://www.skill-capped.com/valorant/course/ultimate-lurking-course/q5xyhm7n3l/aggressive-lurking---lurking-course/ywmqtydhym",
            "uuid": "ywmqtydhym",
          },
          Object {
            "releaseDate": 2022-03-11T00:10:52.419Z,
            "thumbnail": "https://ik.imagekit.io/skillcapped/thumbnails/k6gvjkfn2r/thumbnails/thumbnail_9.jpg",
            "title": "Additional Info on Lurk Pacing - Lurking Course",
            "url": "https://www.skill-capped.com/valorant/course/ultimate-lurking-course/q5xyhm7n3l/additional-info-on-lurk-pacing---lurking-course/k6gvjkfn2r",
            "uuid": "k6gvjkfn2r",
          },
          Object {
            "releaseDate": 2022-03-11T00:10:52.419Z,
            "thumbnail": "https://ik.imagekit.io/skillcapped/thumbnails/c492671yjk/thumbnails/thumbnail_9.jpg",
            "title": "The Best Lurking Agents - Lurking Course",
            "url": "https://www.skill-capped.com/valorant/course/ultimate-lurking-course/q5xyhm7n3l/the-best-lurking-agents---lurking-course/c492671yjk",
            "uuid": "c492671yjk",
          },
          Object {
            "releaseDate": 2022-03-11T00:10:52.419Z,
            "thumbnail": "https://ik.imagekit.io/skillcapped/thumbnails/f9pp9q827h/thumbnails/thumbnail_9.jpg",
            "title": "Ascent Lurking - Lurking Course",
            "url": "https://www.skill-capped.com/valorant/course/ultimate-lurking-course/q5xyhm7n3l/ascent-lurking---lurking-course/f9pp9q827h",
            "uuid": "f9pp9q827h",
          },
          Object {
            "releaseDate": 2022-03-11T00:10:52.419Z,
            "thumbnail": "https://ik.imagekit.io/skillcapped/thumbnails/bl2p63nr6b/thumbnails/thumbnail_9.jpg",
            "title": "Bind Lurking - Lurking Course",
            "url": "https://www.skill-capped.com/valorant/course/ultimate-lurking-course/q5xyhm7n3l/bind-lurking---lurking-course/bl2p63nr6b",
            "uuid": "bl2p63nr6b",
          },
          Object {
            "releaseDate": 2022-03-11T00:10:52.419Z,
            "thumbnail": "https://ik.imagekit.io/skillcapped/thumbnails/rhsph23vv8/thumbnails/thumbnail_9.jpg",
            "title": "Breeze Lurking - Lurking Course",
            "url": "https://www.skill-capped.com/valorant/course/ultimate-lurking-course/q5xyhm7n3l/breeze-lurking---lurking-course/rhsph23vv8",
            "uuid": "rhsph23vv8",
          },
          Object {
            "releaseDate": 2022-03-11T00:10:52.419Z,
            "thumbnail": "https://ik.imagekit.io/skillcapped/thumbnails/g3bbsr6xbg/thumbnails/thumbnail_9.jpg",
            "title": "Fracture Lurking - Lurking Course",
            "url": "https://www.skill-capped.com/valorant/course/ultimate-lurking-course/q5xyhm7n3l/fracture-lurking---lurking-course/g3bbsr6xbg",
            "uuid": "g3bbsr6xbg",
          },
          Object {
            "releaseDate": 2022-03-11T00:10:52.419Z,
            "thumbnail": "https://ik.imagekit.io/skillcapped/thumbnails/hztd2cvtsk/thumbnails/thumbnail_9.jpg",
            "title": "Haven Lurking - Lurking Course",
            "url": "https://www.skill-capped.com/valorant/course/ultimate-lurking-course/q5xyhm7n3l/haven-lurking---lurking-course/hztd2cvtsk",
            "uuid": "hztd2cvtsk",
          },
          Object {
            "releaseDate": 2022-03-11T00:10:52.419Z,
            "thumbnail": "https://ik.imagekit.io/skillcapped/thumbnails/ky727my9bm/thumbnails/thumbnail_9.jpg",
            "title": "Icebox Lurking - Lurking Course",
            "url": "https://www.skill-capped.com/valorant/course/ultimate-lurking-course/q5xyhm7n3l/icebox-lurking---lurking-course/ky727my9bm",
            "uuid": "ky727my9bm",
          },
          Object {
            "releaseDate": 2022-03-11T00:10:52.419Z,
            "thumbnail": "https://ik.imagekit.io/skillcapped/thumbnails/9xrs3742rz/thumbnails/thumbnail_9.jpg",
            "title": "Split Lurking - Lurking Course",
            "url": "https://www.skill-capped.com/valorant/course/ultimate-lurking-course/q5xyhm7n3l/split-lurking---lurking-course/9xrs3742rz",
            "uuid": "9xrs3742rz",
          },
          Object {
            "releaseDate": 2022-03-04T01:18:36.509Z,
            "thumbnail": "https://ik.imagekit.io/skillcapped/thumbnails/1dppbhlclt/thumbnails/thumbnail_9.jpg",
            "title": "Sova - Breeze - VoD Review",
            "url": "https://www.skill-capped.com/valorant/course/pro-sova-course/zf7v298329/sova---breeze---vod-review/1dppbhlclt",
            "uuid": "1dppbhlclt",
          },
          Object {
            "releaseDate": 2022-03-04T01:18:36.509Z,
            "thumbnail": "https://ik.imagekit.io/skillcapped/thumbnails/h1m0lytcd8/thumbnails/thumbnail_9.jpg",
            "title": "Sova - Bind - Platinum - Smurf Commentary 1",
            "url": "https://www.skill-capped.com/valorant/course/pro-sova-course/zf7v298329/sova---bind---platinum---smurf-commentary-1/h1m0lytcd8",
            "uuid": "h1m0lytcd8",
          },
          Object {
            "releaseDate": 2022-03-04T01:18:36.509Z,
            "thumbnail": "https://ik.imagekit.io/skillcapped/thumbnails/3q2tz8kd9p/thumbnails/thumbnail_9.jpg",
            "title": "Viper Coaching Session",
            "url": "https://www.skill-capped.com/valorant/course/pro-viper-course/0pwym1jmjf/viper-coaching-session/3q2tz8kd9p",
            "uuid": "3q2tz8kd9p",
          },
          Object {
            "releaseDate": 2022-03-04T01:18:36.509Z,
            "thumbnail": "https://ik.imagekit.io/skillcapped/thumbnails/tp3q8714qf/thumbnails/thumbnail_9.jpg",
            "title": "20 More Valorant Tips to Climb the Ranks!",
            "url": "https://www.skill-capped.com/valorant/course/endless-tips-for-climbing-the-ladder/vv90qt8wz3/20-more-valorant-tips-to-climb-the-ranks/tp3q8714qf",
            "uuid": "tp3q8714qf",
          },
          Object {
            "releaseDate": 2022-03-04T01:18:36.509Z,
            "thumbnail": "https://ik.imagekit.io/skillcapped/thumbnails/97vn1fllfd/thumbnails/thumbnail_9.jpg",
            "title": "What Do You Need to Learn to Hit Immortal",
            "url": "https://www.skill-capped.com/valorant/course/your-road-to-immortal/dc89c3rsxq/what-do-you-need-to-learn-to-hit-immortal/97vn1fllfd",
            "uuid": "97vn1fllfd",
          },
          Object {
            "releaseDate": 2022-03-04T01:18:36.509Z,
            "thumbnail": "https://ik.imagekit.io/skillcapped/thumbnails/6y18zytpxf/thumbnails/thumbnail_9.jpg",
            "title": "Why Valorant Matchmaking Overwhelmingly Favors Duelists",
            "url": "https://www.skill-capped.com/valorant/course/master-the-roles-in-valorant/zj3xmxjpvf/why-valorant-matchmaking-overwhelmingly-favors-duelists/6y18zytpxf",
            "uuid": "6y18zytpxf",
          },
          Object {
            "releaseDate": 2022-03-10T04:39:18.645Z,
            "thumbnail": "https://ik.imagekit.io/skillcapped/thumbnails/8349k8r1ns/thumbnails/thumbnail_9.jpg",
            "title": "Yoru - Smurf Commentary - Gold 3 - Split",
            "url": "https://www.skill-capped.com/valorant/course/how-to-escape-gold/0j5lfbnc61/yoru---smurf-commentary---gold-3---split/8349k8r1ns",
            "uuid": "8349k8r1ns",
          },
          Object {
            "releaseDate": 2022-03-11T00:10:52.419Z,
            "thumbnail": "https://ik.imagekit.io/skillcapped/thumbnails/xn73pchch3/thumbnails/thumbnail_9.jpg",
            "title": "Yoru - Smurf Commentary - Gold 3 - Haven",
            "url": "https://www.skill-capped.com/valorant/course/how-to-escape-gold/0j5lfbnc61/yoru---smurf-commentary---gold-3---haven/xn73pchch3",
            "uuid": "xn73pchch3",
          },
          Object {
            "releaseDate": 2022-03-11T00:10:52.419Z,
            "thumbnail": "https://ik.imagekit.io/skillcapped/thumbnails/95ss6jkgvn/thumbnails/thumbnail_9.jpg",
            "title": "The 5 Best Phantom Users!",
            "url": "https://www.skill-capped.com/valorant/course/the-weapons-in-valorant-everything-you-need-to-know/4879wnycnd/the-5-best-phantom-users/95ss6jkgvn",
            "uuid": "95ss6jkgvn",
          },
          Object {
            "releaseDate": 2022-03-11T00:10:52.419Z,
            "thumbnail": "https://ik.imagekit.io/skillcapped/thumbnails/4yyp7tb7mp/thumbnails/thumbnail_9.jpg",
            "title": "1 Immortal Tip for Every Agent!",
            "url": "https://www.skill-capped.com/valorant/course/endless-agent-tips-that-will-give-you-an-edge/k6fkkpj711/1-immortal-tip-for-every-agent/4yyp7tb7mp",
            "uuid": "4yyp7tb7mp",
          },
          Object {
            "releaseDate": 2022-03-15T05:00:00.000Z,
            "thumbnail": "https://ik.imagekit.io/skillcapped/thumbnails/782sh746m9/thumbnails/thumbnail_9.jpg",
            "title": "5 Reasons You Have Terrible Aim",
            "url": "https://www.skill-capped.com/valorant/course/endless-aim-tips-to-put-you-on-top/ddsll20chf/5-reasons-you-have-terrible-aim/782sh746m9",
            "uuid": "782sh746m9",
          },
          Object {
            "releaseDate": 2022-03-15T05:00:00.000Z,
            "thumbnail": "https://ik.imagekit.io/skillcapped/thumbnails/g0b2j30h0c/thumbnails/thumbnail_9.jpg",
            "title": "The Ultimate Pistol Round Guide",
            "url": "https://www.skill-capped.com/valorant/course/master-the-pistol-round/9htftlhwkb/the-ultimate-pistol-round-guide/g0b2j30h0c",
            "uuid": "g0b2j30h0c",
          },
          Object {
            "releaseDate": 2022-03-15T05:00:00.000Z,
            "thumbnail": "https://ik.imagekit.io/skillcapped/thumbnails/d02fbwh0cl/thumbnails/thumbnail_9.jpg",
            "title": "The Real Reason You Can't Rank Up",
            "url": "https://www.skill-capped.com/valorant/course/your-road-to-immortal/dc89c3rsxq/the-real-reason-you-cant-rank-up/d02fbwh0cl",
            "uuid": "d02fbwh0cl",
          },
          Object {
            "releaseDate": 2022-03-17T08:21:26.741Z,
            "thumbnail": "https://ik.imagekit.io/skillcapped/thumbnails/v9sj7mm6ck/thumbnails/thumbnail_9.jpg",
            "title": "Finding 1v1's - Reyna Smurf Commentary - Gold",
            "url": "https://www.skill-capped.com/valorant/course/pro-reyna-course/zkbf0kg65z/finding-1v1s---reyna-smurf-commentary---gold/v9sj7mm6ck",
            "uuid": "v9sj7mm6ck",
          },
          Object {
            "releaseDate": 2022-03-17T08:21:26.742Z,
            "thumbnail": "https://ik.imagekit.io/skillcapped/thumbnails/xcxzy0x428/thumbnails/thumbnail_9.jpg",
            "title": "Picking Your Gunfights - Reyna Smurf Commentary - Gold",
            "url": "https://www.skill-capped.com/valorant/course/pro-reyna-course/zkbf0kg65z/picking-your-gunfights---reyna-smurf-commentary---gold/xcxzy0x428",
            "uuid": "xcxzy0x428",
          },
          Object {
            "releaseDate": 2022-03-17T08:21:26.742Z,
            "thumbnail": "https://ik.imagekit.io/skillcapped/thumbnails/bmtndmc74z/thumbnails/thumbnail_9.jpg",
            "title": "VoD Review Coaching Session Part 1",
            "url": "https://www.skill-capped.com/valorant/course/vod-reviews---mechanics/rn972sqf0p/vod-review-coaching-session-part-1/bmtndmc74z",
            "uuid": "bmtndmc74z",
          },
          Object {
            "releaseDate": 2022-03-17T08:21:26.742Z,
            "thumbnail": "https://ik.imagekit.io/skillcapped/thumbnails/xpftbtl7f8/thumbnails/thumbnail_9.jpg",
            "title": "VoD Review Coaching Session Part 2",
            "url": "https://www.skill-capped.com/valorant/course/vod-reviews---mechanics/rn972sqf0p/vod-review-coaching-session-part-2/xpftbtl7f8",
            "uuid": "xpftbtl7f8",
          },
          Object {
            "releaseDate": 2022-03-17T08:21:26.742Z,
            "thumbnail": "https://ik.imagekit.io/skillcapped/thumbnails/tzz08w1dkp/thumbnails/thumbnail_9.jpg",
            "title": "VoD Review Coaching Session Part 3",
            "url": "https://www.skill-capped.com/valorant/course/vod-reviews---mechanics/rn972sqf0p/vod-review-coaching-session-part-3/tzz08w1dkp",
            "uuid": "tzz08w1dkp",
          },
        ],
        "identifier": "lump",
      },
    ],
  },
]
`;

exports[`processor arguments passed to notifier should match snapshot for world of warcraft: videos and commentaries match 1`] = `
Array [
  Object {
    "groups": Array [
      Object {
        "content": Array [
          Object {
            "releaseDate": 2022-03-03T22:03:58.497Z,
            "thumbnail": "https://ik.imagekit.io/skillcapped/customss/jpg-images/r5jqnvtprz.png",
            "title": "Ep.4 How to CARRY your team to GLADIATOR with COMMUNCATION!",
            "url": "https://www.skill-capped.com/wow/course/road-to-gladiator-challenge/w5q16wyw2g/ep4-how-to-carry-your-team-to-gladiator-with-communcation/9cvmg5vz01",
            "uuid": "9cvmg5vz01",
          },
          Object {
            "releaseDate": 2022-03-14T23:59:07.305Z,
            "thumbnail": "https://ik.imagekit.io/skillcapped/customss/jpg-images/vgtvf8w2qg.png",
            "title": "Ep.5 HOW TO GET GLADIATOR EVERY SEASON!",
            "url": "https://www.skill-capped.com/wow/course/road-to-gladiator-challenge/w5q16wyw2g/ep5-how-to-get-gladiator-every-season/lykx6bfrcs",
            "uuid": "lykx6bfrcs",
          },
          Object {
            "releaseDate": 2022-03-01T00:16:55.244Z,
            "thumbnail": "https://ik.imagekit.io/skillcapped/thumbnails/kl57jw57d8/thumbnails/thumbnail_48.jpg",
            "title": "9.1.5 QUICK START DEMONOLOGY WARLOCK GUIDE",
            "url": "https://www.skill-capped.com/wow/course/pro-warlock-class-course/0qwcrfq5xk/915-quick-start-demonology-warlock-guide/kl57jw57d8",
            "uuid": "kl57jw57d8",
          },
          Object {
            "releaseDate": 2022-03-06T18:29:54.557Z,
            "thumbnail": "https://ik.imagekit.io/skillcapped/thumbnails/j7yf042wz9/thumbnails/thumbnail_46.jpg",
            "title": "9.1.5 QUICK START ELE SHAMAN GUIDE",
            "url": "https://www.skill-capped.com/wow/course/pro-ele-shaman-course/bs918p31ph/915-quick-start-ele-shaman-guide/j7yf042wz9",
            "uuid": "j7yf042wz9",
          },
          Object {
            "releaseDate": 2022-03-03T08:37:04.997Z,
            "thumbnail": "https://ik.imagekit.io/skillcapped/thumbnails/rq0cbk1z1n/thumbnails/thumbnail_49.jpg",
            "title": "9.1.5 QUICK START FROST DEATH KNIGHT GUIDE",
            "url": "https://www.skill-capped.com/wow/course/pro-death-knight-course/w8fzrgqkn7/915-quick-start-frost-death-knight-guide/rq0cbk1z1n",
            "uuid": "rq0cbk1z1n",
          },
          Object {
            "releaseDate": 2022-03-01T00:45:29.431Z,
            "thumbnail": "https://ik.imagekit.io/skillcapped/thumbnails/k62j5n4pbx/thumbnails/thumbnail_38.jpg",
            "title": "9.1.5 QUICK START HOLY PALADIN GUIDE",
            "url": "https://www.skill-capped.com/wow/course/pro-holy-paladin-course/p4ckvq638g/915-quick-start-holy-paladin-guide/k62j5n4pbx",
            "uuid": "k62j5n4pbx",
          },
          Object {
            "releaseDate": 2022-03-06T18:29:54.557Z,
            "thumbnail": "https://ik.imagekit.io/skillcapped/thumbnails/qx4jnyf0n7/thumbnails/thumbnail_48.jpg",
            "title": "9.1.5 QUICK START MISTWEAVER MONK GUIDE",
            "url": "https://www.skill-capped.com/wow/course/pro-mistweaver-monk-course/pkbk8kvf83/915-quick-start-mistweaver-monk-guide/qx4jnyf0n7",
            "uuid": "qx4jnyf0n7",
          },
          Object {
            "releaseDate": 2022-03-05T03:45:13.144Z,
            "thumbnail": "https://ik.imagekit.io/skillcapped/thumbnails/scl51yzy7p/thumbnails/thumbnail_1.jpg",
            "title": "THE MOST COMMON LOW RATED SHADOW PRIEST MISTAKE",
            "url": "https://www.skill-capped.com/wow/course/the-only-arena-course-you-need/njq9p3zcrt/the-most-common-low-rated-shadow-priest-mistake/scl51yzy7p",
            "uuid": "scl51yzy7p",
          },
          Object {
            "releaseDate": 2022-03-16T13:41:38.676Z,
            "thumbnail": "https://ik.imagekit.io/skillcapped/thumbnails/c2m6ndq8q9/thumbnails/thumbnail_49.jpg",
            "title": "How EVERY Low Rated Warrior FAILS at STANCE DANCING!",
            "url": "https://www.skill-capped.com/wow/course/the-only-arena-course-you-need/njq9p3zcrt/how-every-low-rated-warrior-fails-at-stance-dancing/c2m6ndq8q9",
            "uuid": "c2m6ndq8q9",
          },
          Object {
            "releaseDate": 2022-03-16T13:41:38.676Z,
            "thumbnail": "https://ik.imagekit.io/skillcapped/thumbnails/758mf2b9q5/thumbnails/thumbnail_49.jpg",
            "title": "The HIDDEN OP TOOL that Low Rated Demon Hunters FAIL to ABUSE!",
            "url": "https://www.skill-capped.com/wow/course/the-only-arena-course-you-need/njq9p3zcrt/the-hidden-op-tool-that-low-rated-demon-hunters-fail-to-abuse/758mf2b9q5",
            "uuid": "758mf2b9q5",
          },
          Object {
            "releaseDate": 2022-03-16T13:41:38.676Z,
            "thumbnail": "https://ik.imagekit.io/skillcapped/thumbnails/rrjcnh8f3d/thumbnails/thumbnail_0.jpg",
            "title": "Turn into a SAVAGE with this ONE SIMPLE FIX!",
            "url": "https://www.skill-capped.com/wow/course/the-only-arena-course-you-need/njq9p3zcrt/turn-into-a-savage-with-this-one-simple-fix/rrjcnh8f3d",
            "uuid": "rrjcnh8f3d",
          },
          Object {
            "releaseDate": 2022-03-17T17:00:30.372Z,
            "thumbnail": "https://ik.imagekit.io/skillcapped/thumbnails/p9drjyj3gg/thumbnails/thumbnail_45.jpg",
            "title": "THIS is what EVERY Low CR Rogue Gets WRONG!",
            "url": "https://www.skill-capped.com/wow/course/the-only-arena-course-you-need/njq9p3zcrt/this-is-what-every-low-cr-rogue-gets-wrong/p9drjyj3gg",
            "uuid": "p9drjyj3gg",
          },
          Object {
            "releaseDate": 2022-03-01T20:20:59.377Z,
            "thumbnail": "https://ik.imagekit.io/skillcapped/thumbnails/68cf9gyjhz/thumbnails/thumbnail_48.jpg",
            "title": "Communication: Learning To Shot Call",
            "url": "https://www.skill-capped.com/wow/course/carry-your-team-with-effective-communication/kn36z6rt68/communication-learning-to-shot-call/68cf9gyjhz",
            "uuid": "68cf9gyjhz",
          },
          Object {
            "releaseDate": 2022-03-18T11:21:13.582Z,
            "thumbnail": "https://ik.imagekit.io/skillcapped/thumbnails/y047mr1547/thumbnails/thumbnail_3.jpg",
            "title": "9.2 BiS COVENANT & DOUBLE LEGENDARY for EVERY CLASS!",
            "url": "https://www.skill-capped.com/wow/course/stay-ahead-of-the-meta/vwqbrm5y58/92-bis-covenant-&-double-legendary-for-every-class/y047mr1547",
            "uuid": "y047mr1547",
          },
          Object {
            "releaseDate": 2022-02-28T13:53:12.401Z,
            "thumbnail": "https://ik.imagekit.io/skillcapped/thumbnails/ns9m18z018/thumbnails/thumbnail_2.jpg",
            "title": "9.2 QUICK START BiS PvP GEARING GUIDE!",
            "url": "https://www.skill-capped.com/wow/course/stay-ahead-of-the-meta/vwqbrm5y58/92-quick-start-bis-pvp-gearing-guide/ns9m18z018",
            "uuid": "ns9m18z018",
          },
          Object {
            "releaseDate": 2022-03-06T21:07:01.052Z,
            "thumbnail": "https://ik.imagekit.io/skillcapped/thumbnails/4lbss37sqh/thumbnails/thumbnail_1.jpg",
            "title": "9.2 TIER LIST PREDICTIONS - BEST SPECS TO MAIN in Shadowlands PvP!",
            "url": "https://www.skill-capped.com/wow/course/tier-lists-the-best-classes/kpkfn3gmx2/92-tier-list-predictions---best-specs-to-main-in-shadowlands-pvp/4lbss37sqh",
            "uuid": "4lbss37sqh",
          },
          Object {
            "releaseDate": 2022-03-10T22:56:34.805Z,
            "thumbnail": "https://ik.imagekit.io/skillcapped/thumbnails/1jlj7bddn1/thumbnails/thumbnail_1.jpg",
            "title": "9.2 TIER LIST PREDICTIONS - BEST MELEE in Shadowlands PvP!",
            "url": "https://www.skill-capped.com/wow/course/tier-lists-the-best-classes/kpkfn3gmx2/92-tier-list-predictions---best-melee-in-shadowlands-pvp/1jlj7bddn1",
            "uuid": "1jlj7bddn1",
          },
          Object {
            "releaseDate": 2022-03-10T22:56:34.805Z,
            "thumbnail": "https://ik.imagekit.io/skillcapped/thumbnails/6h698z1t8f/thumbnails/thumbnail_0.jpg",
            "title": "9.2 TIER LIST PREDICTIONS - BEST RANGED in Shadowlands PvP!",
            "url": "https://www.skill-capped.com/wow/course/tier-lists-the-best-classes/kpkfn3gmx2/92-tier-list-predictions---best-ranged-in-shadowlands-pvp/6h698z1t8f",
            "uuid": "6h698z1t8f",
          },
          Object {
            "releaseDate": 2022-03-10T22:56:34.805Z,
            "thumbnail": "https://ik.imagekit.io/skillcapped/thumbnails/3z3dfm0fsx/thumbnails/thumbnail_2.jpg",
            "title": "9.2 TIER LIST PREDICTIONS - BEST HEALERS in Shadowlands PvP!",
            "url": "https://www.skill-capped.com/wow/course/tier-lists-the-best-classes/kpkfn3gmx2/92-tier-list-predictions---best-healers-in-shadowlands-pvp/3z3dfm0fsx",
            "uuid": "3z3dfm0fsx",
          },
        ],
        "identifier": "lump",
      },
    ],
  },
]
`;
